
> xinban-v01@1.0.0 build
> cd apps/server && npm run build && cd ../mobile && npm run typecheck && EXPO_PUBLIC_API_URL=${EXPO_PUBLIC_API_URL:-http://127.0.0.1:3888} npm run export -- --platform web --output-dir dist-web --clear


> @xinban/server@1.0.0 build
> tsc -p tsconfig.build.json


> xinban-ai-mobile@1.0.0 typecheck
> tsc --noEmit


> xinban-ai-mobile@1.0.0 export
> expo export --platform web --output-dir dist-web --clear

Starting Metro Bundler

warning: Bundler cache is empty, rebuilding (this may take a minute)
| (node:26458) Warning: The 'NO_COLOR' env is ignored due to the 'FORCE_COLOR' env being set.
| (Use `node --trace-warnings ...` to show where the warning was created)
| (node:26458) Warning: The 'NO_COLOR' env is ignored due to the 'FORCE_COLOR' env being set.
| (Use `node --trace-warnings ...` to show where the warning was created)
| (node:26458) Warning: The 'NO_COLOR' env is ignored due to the 'FORCE_COLOR' env being set.
| (Use `node --trace-warnings ...` to show where the warning was created)
| (node:26458) Warning: The 'NO_COLOR' env is ignored due to the 'FORCE_COLOR' env being set.
| (Use `node --trace-warnings ...` to show where the warning was created)
| (node:26458) Warning: The 'NO_COLOR' env is ignored due to the 'FORCE_COLOR' env being set.
| (Use `node --trace-warnings ...` to show where the warning was created)
| (node:26458) Warning: The 'NO_COLOR' env is ignored due to the 'FORCE_COLOR' env being set.
| (Use `node --trace-warnings ...` to show where the warning was created)
| (node:26458) Warning: The 'NO_COLOR' env is ignored due to the 'FORCE_COLOR' env being set.
| (Use `node --trace-warnings ...` to show where the warning was created)
| (node:26458) Warning: The 'NO_COLOR' env is ignored due to the 'FORCE_COLOR' env being set.
| (Use `node --trace-warnings ...` to show where the warning was created)
Web Bundled 2518ms index.ts (332 modules)

› web bundles (1):
_expo/static/js/web/index-e8431dc84de012602a032a6a67f2ea30.js (659KB)

› Files (3):
favicon.ico (15KB)
index.html (1.2KB)
metadata.json (49B)

Exported: dist-web
