== /health probe (dist/localServer.js) ==
{"code":"OK","message":"ok","data":{"service":"xinban-ai","status":"up","mode":"standalone","time":"2026-10-04T23:29:50.434Z"}}
== start log ==
◇ injected env (0) from .env // tip: ⌘ suppress logs { quiet: true }
[2026-10-04T23:29:50.018Z] [INFO] [route] POST /api/v1/auth/sms-code -> auth::sms-code
[2026-10-04T23:29:50.019Z] [INFO] [route] POST /api/v1/auth/login -> auth::login
[2026-10-04T23:29:50.019Z] [INFO] [route] POST /api/v1/auth/refresh -> auth::refresh
[2026-10-04T23:29:50.019Z] [INFO] [route] POST /api/v1/auth/logout -> auth::logout
[2026-10-04T23:29:50.019Z] [INFO] [route] GET /api/v1/users/me -> users::me
[2026-10-04T23:29:50.019Z] [INFO] [route] PATCH /api/v1/users/me -> users::me-update
[2026-10-04T23:29:50.019Z] [INFO] [route] GET /api/v1/users/me/status -> users::status
[2026-10-04T23:29:50.019Z] [INFO] [route] GET /api/v1/characters -> characters::list
[2026-10-04T23:29:50.019Z] [INFO] [route] GET /api/v1/characters/:id -> characters::detail
[2026-10-04T23:29:50.019Z] [INFO] [route] GET /api/v1/characters/:id/customization -> characters::customization-get
[2026-10-04T23:29:50.019Z] [INFO] [route] POST /api/v1/characters/:id/customize -> characters::customize
[2026-10-04T23:29:50.019Z] [INFO] [route] POST /api/v1/conversations -> chat::create-conversation
[2026-10-04T23:29:50.019Z] [INFO] [route] GET /api/v1/conversations -> chat::list-conversations
[2026-10-04T23:29:50.019Z] [INFO] [route] GET /api/v1/conversations/:id -> chat::conversation-detail
[2026-10-04T23:29:50.019Z] [INFO] [route] GET /api/v1/conversations/:id/messages -> chat::list-messages
[2026-10-04T23:29:50.019Z] [INFO] [route] GET /api/v1/conversations/:id/memory -> chat::conversation-memory
[2026-10-04T23:29:50.019Z] [INFO] [route] GET /api/v1/conversations/:id/mood-timeline -> chat::conversation-mood-timeline
[2026-10-04T23:29:50.019Z] [INFO] [route] GET /api/v1/conversations/:id/insight-summary -> chat::conversation-insight-summary
[2026-10-04T23:29:50.019Z] [INFO] [route] POST /api/v1/chat/send -> chat::send
[2026-10-04T23:29:50.019Z] [INFO] [route] POST /api/v1/chat/multi/send -> chat::multi-send
[2026-10-04T23:29:50.019Z] [INFO] [route] POST /api/v1/chat/proactive -> chat::proactive-now
[2026-10-04T23:29:50.019Z] [INFO] [route] POST /api/v1/conversations/:id/emotion -> chat::emotion-create
[2026-10-04T23:29:50.019Z] [INFO] [route] GET /api/v1/conversations/:id/emotion -> chat::emotion-read
[2026-10-04T23:29:50.019Z] [INFO] [route] PATCH /api/v1/conversations/:id/emotion -> chat::emotion-update
[2026-10-04T23:29:50.019Z] [INFO] [route] DELETE /api/v1/conversations/:id/emotion -> chat::emotion-delete
[2026-10-04T23:29:50.019Z] [INFO] [route] GET /api/v1/gifts -> gifts::list
[2026-10-04T23:29:50.019Z] [INFO] [route] POST /api/v1/gifts/:id/send -> gifts::send
[2026-10-04T23:29:50.019Z] [INFO] [route] GET /api/v1/characters/:characterId/affection -> gifts::affection
[2026-10-04T23:29:50.019Z] [INFO] [route] GET /api/v1/products -> commerce::products
[2026-10-04T23:29:50.019Z] [INFO] [route] GET /api/v1/membership/plans -> commerce::membership-plans
[2026-10-04T23:29:50.019Z] [INFO] [route] GET /api/v1/membership -> commerce::membership
[2026-10-04T23:29:50.019Z] [INFO] [route] POST /api/v1/orders -> commerce::orders-create
[2026-10-04T23:29:50.019Z] [INFO] [route] GET /api/v1/orders -> commerce::orders-list
[2026-10-04T23:29:50.019Z] [INFO] [route] GET /api/v1/orders/:id -> commerce::orders-detail
[2026-10-04T23:29:50.019Z] [INFO] [route] POST /api/v1/orders/:id/pay -> commerce::orders-pay
[2026-10-04T23:29:50.019Z] [INFO] [route] POST /api/v1/orders/:id/confirm -> commerce::orders-confirm
[2026-10-04T23:29:50.019Z] [INFO] [route] POST /api/v1/pay/wechat/notify -> commerce::pay-wechat-notify
[2026-10-04T23:29:50.019Z] [INFO] [route] POST /api/v1/pay/alipay/notify -> commerce::pay-alipay-notify
[2026-10-04T23:29:50.019Z] [INFO] [route] POST /api/v1/images/generate -> images::generate
[2026-10-04T23:29:50.020Z] [INFO] [route] GET /api/v1/compliance/status -> compliance::status
[2026-10-04T23:29:50.020Z] [INFO] [route] GET /api/v1/admin/users -> admin::users
[2026-10-04T23:29:50.020Z] [INFO] [route] POST /api/v1/admin/users/:id/ban -> admin::user-ban
[2026-10-04T23:29:50.020Z] [INFO] [route] POST /api/v1/admin/users/:id/unban -> admin::user-unban
[2026-10-04T23:29:50.020Z] [INFO] [route] GET /api/v1/admin/characters -> admin::characters
[2026-10-04T23:29:50.020Z] [INFO] [route] POST /api/v1/admin/characters -> admin::character-create
[2026-10-04T23:29:50.020Z] [INFO] [route] PUT /api/v1/admin/characters/:id -> admin::character-update
[2026-10-04T23:29:50.020Z] [INFO] [route] GET /api/v1/admin/audit-logs -> admin::audit-logs
[2026-10-04T23:29:50.020Z] [INFO] [route] GET /api/v1/admin/content-audit-logs -> admin::content-audit-logs
[2026-10-04T23:29:50.020Z] [INFO] [route] POST /api/v1/admin/sensitive-words -> admin::sensitive-add
[2026-10-04T23:29:50.020Z] [INFO] [route] GET /api/v1/admin/stats -> admin::stats
[2026-10-04T23:29:50.020Z] [INFO] [route] GET /health -> system::health
[2026-10-04T23:29:50.024Z] [INFO] 心伴AI standalone 服务启动 {"port":3888,"database":"file:./data/xinban-dev.db"}
[2026-10-04T23:29:50.441Z] [INFO] 收到退出信号，正在关闭 standalone 服务…
