
 RUN  v4.1.10 /Users/leo/.myrd/workspaces/cms1g8itk000am9fyr4l0vp35/run-cmuufi2ip0019icry302mk1em/apps/server

stdout | src/routes/chat.routes.test.ts
◇ injected env (0) from .env // tip: ⌘ override existing { override: true }

 ❯ src/routes/chat.routes.test.ts (10 tests | 4 failed) 8ms
     × exposes the insight summary read API 3ms
     × serves the explicit empty insight summary before any valid point 0ms
     × degrades the insight summary when storage fails 0ms
     × degrades the insight summary when aggregation cannot safely complete 0ms

⎯⎯⎯⎯⎯⎯⎯ Failed Tests 4 ⎯⎯⎯⎯⎯⎯⎯

 FAIL  src/routes/chat.routes.test.ts > chat v0.4 insight summary > exposes the insight summary read API
AssertionError: expected [ { …(3) }, { …(3) }, { …(3) }, …(10) ] to deep equally contain { …(3) }

- Expected:
{
  "method": "GET",
  "name": "chat::conversation-insight-summary",
  "path": "/api/v1/conversations/:id/insight-summary",
}

+ Received:
[
  {
    "method": "POST",
    "name": "chat::create-conversation",
    "path": "/api/v1/conversations",
  },
  {
    "method": "GET",
    "name": "chat::list-conversations",
    "path": "/api/v1/conversations",
  },
  {
    "method": "GET",
    "name": "chat::conversation-detail",
    "path": "/api/v1/conversations/:id",
  },
  {
    "method": "GET",
    "name": "chat::list-messages",
    "path": "/api/v1/conversations/:id/messages",
  },
  {
    "method": "GET",
    "name": "chat::conversation-memory",
    "path": "/api/v1/conversations/:id/memory",
  },
  {
    "method": "GET",
    "name": "chat::conversation-mood-timeline",
    "path": "/api/v1/conversations/:id/mood-timeline",
  },
  {
    "method": "POST",
    "name": "chat::send",
    "path": "/api/v1/chat/send",
  },
  {
    "method": "POST",
    "name": "chat::multi-send",
    "path": "/api/v1/chat/multi/send",
  },
  {
    "method": "POST",
    "name": "chat::proactive-now",
    "path": "/api/v1/chat/proactive",
  },
  {
    "method": "POST",
    "name": "chat::emotion-create",
    "path": "/api/v1/conversations/:id/emotion",
  },
  {
    "method": "GET",
    "name": "chat::emotion-read",
    "path": "/api/v1/conversations/:id/emotion",
  },
  {
    "method": "PATCH",
    "name": "chat::emotion-update",
    "path": "/api/v1/conversations/:id/emotion",
  },
  {
    "method": "DELETE",
    "name": "chat::emotion-delete",
    "path": "/api/v1/conversations/:id/emotion",
  },
]

 ❯ src/routes/chat.routes.test.ts:138:27
    136|     const router = new ContractRouter()
    137|     registerChatRoutes(router as never)
    138|     expect(router.routes).toContainEqual({
       |                           ^
    139|       name: 'chat::conversation-insight-summary',
    140|       method: 'GET',

⎯⎯⎯⎯⎯⎯⎯⎯⎯⎯⎯⎯⎯⎯⎯⎯⎯⎯⎯⎯⎯⎯⎯⎯[1/4]⎯

 FAIL  src/routes/chat.routes.test.ts > chat v0.4 insight summary > serves the explicit empty insight summary before any valid point
TypeError: handlers.get(...) is not a function
 ❯ src/routes/chat.routes.test.ts:148:73
    146|     prismaMock.conversationMemory.findMany.mockResolvedValue([])
    147|     prismaMock.moodSnapshot.findMany.mockResolvedValue([])
    148|     const res = await handlers.get('chat::conversation-insight-summary…
       |                                                                         ^
    149|     expect(res.status_code).toBe(200)
    150|     expect(res.body.data).toEqual({

⎯⎯⎯⎯⎯⎯⎯⎯⎯⎯⎯⎯⎯⎯⎯⎯⎯⎯⎯⎯⎯⎯⎯⎯[2/4]⎯

 FAIL  src/routes/chat.routes.test.ts > chat v0.4 insight summary > degrades the insight summary when storage fails
TypeError: handlers.get(...) is not a function
 ❯ src/routes/chat.routes.test.ts:161:73
    159|     prismaMock.conversationMemory.findMany.mockRejectedValue(new Error…
    160|     prismaMock.moodSnapshot.findMany.mockResolvedValue([])
    161|     const res = await handlers.get('chat::conversation-insight-summary…
       |                                                                         ^
    162|     expect(res.status_code).toBe(200)
    163|     expect(res.body.data).toEqual({

⎯⎯⎯⎯⎯⎯⎯⎯⎯⎯⎯⎯⎯⎯⎯⎯⎯⎯⎯⎯⎯⎯⎯⎯[3/4]⎯

 FAIL  src/routes/chat.routes.test.ts > chat v0.4 insight summary > degrades the insight summary when aggregation cannot safely complete
TypeError: handlers.get(...) is not a function
 ❯ src/routes/chat.routes.test.ts:196:73
    194|       },
    195|     ])
    196|     const res = await handlers.get('chat::conversation-insight-summary…
       |                                                                         ^
    197|     expect(res.status_code).toBe(200)
    198|     expect(res.body.data).toEqual({

⎯⎯⎯⎯⎯⎯⎯⎯⎯⎯⎯⎯⎯⎯⎯⎯⎯⎯⎯⎯⎯⎯⎯⎯[4/4]⎯


 Test Files  1 failed (1)
      Tests  4 failed | 6 passed (10)
   Start at  07:16:05
   Duration  211ms (transform 64ms, setup 0ms, import 117ms, tests 8ms, environment 0ms)

