(!) Your Vite config uses features that are unsupported by `configLoader: 'native'`, which is planned to become the default in a future major version of Vite:
  - ESM syntax in a file loaded as CommonJS (vitest.config.ts:1:1). Use a `.mjs` extension or set `"type": "module"` in the closest package.json
Set `VITE_CONFIG_NATIVE_IGNORE_WARNING=true` to suppress this warning.

 RUN  v4.1.10 /Users/leo/.myrd/workspaces/cms1g8itk000am9fyr4l0vp35/run-cmuufi2ip0019icry302mk1em/apps/mobile

 ❯ src/utils/insights.test.ts (8 tests | 3 failed) 5ms
     × treats an insight summary as empty before the first valid point 2ms
     × hides dirty or degraded insight data 0ms
     × asserts explainable insight content instead of pixels 0ms

⎯⎯⎯⎯⎯⎯⎯ Failed Tests 3 ⎯⎯⎯⎯⎯⎯⎯

 FAIL  src/utils/insights.test.ts > moodInsightViewState > treats an insight summary as empty before the first valid point
TypeError: moodInsightViewState is not a function
 ❯ src/utils/insights.test.ts:94:12
     92|
     93|   it('treats an insight summary as empty before the first valid point'…
     94|     expect(moodInsightViewState({ conversationId: 'conv_1', available:…
       |            ^
     95|       mode: 'empty',
     96|       summary: null,

⎯⎯⎯⎯⎯⎯⎯⎯⎯⎯⎯⎯⎯⎯⎯⎯⎯⎯⎯⎯⎯⎯⎯⎯[1/3]⎯

 FAIL  src/utils/insights.test.ts > moodInsightViewState > hides dirty or degraded insight data
TypeError: moodInsightViewState is not a function
 ❯ src/utils/insights.test.ts:101:12
     99|
    100|   it('hides dirty or degraded insight data', () => {
    101|     expect(moodInsightViewState({ ...view, available: false, degraded:…
       |            ^
    102|       mode: 'degraded',
    103|       summary: null,

⎯⎯⎯⎯⎯⎯⎯⎯⎯⎯⎯⎯⎯⎯⎯⎯⎯⎯⎯⎯⎯⎯⎯⎯[2/3]⎯

 FAIL  src/utils/insights.test.ts > moodInsightViewState > asserts explainable insight content instead of pixels
TypeError: moodInsightViewState is not a function
 ❯ src/utils/insights.test.ts:109:12
    107|
    108|   it('asserts explainable insight content instead of pixels', () => {
    109|     expect(moodInsightViewState(view)).toEqual({
       |            ^
    110|       mode: 'ready',
    111|       summary,

⎯⎯⎯⎯⎯⎯⎯⎯⎯⎯⎯⎯⎯⎯⎯⎯⎯⎯⎯⎯⎯⎯⎯⎯[3/3]⎯


 Test Files  1 failed (1)
      Tests  3 failed | 5 passed (8)
   Start at  07:17:45
   Duration  108ms (transform 15ms, setup 0ms, import 21ms, tests 5ms, environment 0ms)

