
> xinban-v01@1.0.0 setup
> cd apps/server && npm ci --no-audit --no-fund && cd ../mobile && npm ci --no-audit --no-fund && cd ../server && npm run db:setup

npm warn deprecated prebuild-install@7.1.3: No longer maintained. Please contact the author of the relevant native addon; alternatives are available.

added 299 packages in 4s
npm warn install-scripts 6 packages have install scripts not yet covered by allowScripts:
npm warn install-scripts   @prisma/engines@7.9.1 (postinstall: node scripts/postinstall.js)
npm warn install-scripts   better-sqlite3@12.11.1 (install: prebuild-install || node-gyp rebuild --release)
npm warn install-scripts   esbuild@0.28.1 (postinstall: node install.js)
npm warn install-scripts   fsevents@2.3.3 (install: (install scripts present))
npm warn install-scripts   prisma@7.9.1 (preinstall: node scripts/preinstall-entry.js)
npm warn install-scripts   protobufjs@7.6.5 (postinstall: node scripts/postinstall)
npm warn install-scripts
npm warn install-scripts Run `npm install-scripts ls` to review, or `npm install-scripts approve <pkg>` to allow.
npm warn deprecated uuid@7.0.3: uuid@10 and below is no longer supported.  For ESM codebases, update to uuid@latest.  For CommonJS codebases, use uuid@11 (but be aware this version will likely be deprecated in 2028).

added 770 packages in 4s
npm warn install-scripts 2 packages have install scripts not yet covered by allowScripts:
npm warn install-scripts   fsevents@2.3.3 (install: (install scripts present))
npm warn install-scripts   unrs-resolver@1.12.2 (postinstall: node postinstall.js)
npm warn install-scripts
npm warn install-scripts Run `npm install-scripts ls` to review, or `npm install-scripts approve <pkg>` to allow.

> @xinban/server@1.0.0 db:setup
> prisma generate && prisma db push && npm run prisma:seed

◇ injected env (0) from .env // tip: ◈ encrypted .env [www.dotenvx.com]
Loaded Prisma config from prisma.config.ts.

Prisma schema loaded from prisma/schema.prisma.

✔ Generated Prisma Client (7.9.1) to ./src/generated/prisma in 73ms

◇ injected env (0) from .env // tip: ⌘ suppress logs { quiet: true }
Loaded Prisma config from prisma.config.ts.

Prisma schema loaded from prisma/schema.prisma.
Datasource "db": SQLite database "xinban-dev.db" at "file:./data/xinban-dev.db"

SQLite database xinban-dev.db created at file:./data/xinban-dev.db

🚀  Your database is now in sync with your Prisma schema. Done in 34ms


> @xinban/server@1.0.0 prisma:seed
> tsx prisma/seed.ts

◇ injected env (0) from .env // tip: ⌘ custom filepath { path: '/custom/path/.env' }
[2026-10-08T23:08:13.630Z] [INFO] 开始初始化种子数据…
[2026-10-08T23:08:13.702Z] [INFO] 角色已创建：林晚晴（温婉知己 · FREE）
[2026-10-08T23:08:13.703Z] [INFO] 角色已创建：阿秀（爽朗直爽 · FREE）
[2026-10-08T23:08:13.704Z] [INFO] 角色已创建：小满（俏皮灵动 · VIP）
[2026-10-08T23:08:13.704Z] [INFO] 角色已创建：苏雅（成熟通透 · VIP）
[2026-10-08T23:08:13.709Z] [INFO] 商品已创建：5 个
[2026-10-08T23:08:13.713Z] [INFO] 礼物已创建：5 个
[2026-10-08T23:08:13.719Z] [INFO] 管理账号就绪：13800000000（role=ADMIN）
[2026-10-08T23:08:13.721Z] [INFO] 敏感词已创建：4 条
[2026-10-08T23:08:13.721Z] [INFO] 种子数据初始化完成 ✔
