37:[32m✅ 01 健康检查[0m
38:[32m✅ 02 发送验证码[0m
39:[32m✅ 03 注册并登录[0m
40:[32m✅ 04 未登录访问被拦截[0m
41:[32m✅ 05 角色列表可读[0m
42:[32m✅ 06 登录态资料[0m
43:[32m✅ 07 创建持久化会话[0m
44:[32m✅ 08 核心消息写入[0m
45:[32m✅ 09 AI 回复完成并落库[0m
46:[32m✅ 10 用户消息重启后保留[0m
47:[32m✅ 11 助手消息重启后保留[0m
48:[32m✅ 12 消息状态一致[0m
49:[32m✅ 13 令牌刷新[0m
50:[32m✅ 14 会话记忆重启后可读[0m
51:[32m✅ 15 会话记忆契约无降级[0m
52:[32m✅ 16 情绪轨迹结构化快照[0m
53:[32m✅ 17 情绪轨迹内容非像素契约[0m
54:[32m✅ 18 新会话记忆空态契约[0m
55:[32m✅ 19 新会话情绪轨迹空态契约[0m
56:[32m✅ 20 情绪洞察就绪摘要[0m
57:[32m✅ 21 情绪洞察样本与观察口径[0m
58:[32m✅ 22 新会话情绪洞察空态契约[0m
59:[32m✅ 23 情绪修正追加成功[0m
60:[32m✅ 24 修正记录跨重启保留（服务重启成功）[0m
61:[32m✅ 25 读侧 latest-wins 解析与原始值保留[0m
62:[32m✅ 26 不存在修正明确 404[0m
66:[32m✅ 27 列表修正入口与即时更新契约[0m
67:[32m✅ 28 写失败降级并保留旧值[0m
68:[32m✅ 29 导出端点 200[0m
69:[32m✅ 30 导出冻结 schema 字段断言[0m
70:[32m✅ 31 空库导出返回合法空结构[0m
71:[32m✅ 心伴 v0.5 冒烟通过：31 项 / 31 项[0m
