
> xinban-v01@1.0.0 deploy:v02
> ./scripts/deploy-v02.sh

== deploy build ==

> xinban-v01@1.0.0 build
> cd apps/server && npm run build && cd ../mobile && npm run typecheck && EXPO_PUBLIC_API_URL=${EXPO_PUBLIC_API_URL:-http://127.0.0.1:3888} npm run export -- --platform web --output-dir dist-web --clear


> @xinban/server@1.0.0 build
> tsc -p tsconfig.build.json


> xinban-ai-mobile@1.0.0 typecheck
> tsc --noEmit


> xinban-ai-mobile@1.0.0 export
> expo export --platform web --output-dir dist-web --clear

Starting Metro Bundler

warning: Bundler cache is empty, rebuilding (this may take a minute)
| (node:61838) Warning: The 'NO_COLOR' env is ignored due to the 'FORCE_COLOR' env being set.
| (Use `node --trace-warnings ...` to show where the warning was created)
| (node:61838) Warning: The 'NO_COLOR' env is ignored due to the 'FORCE_COLOR' env being set.
| (Use `node --trace-warnings ...` to show where the warning was created)
| (node:61838) Warning: The 'NO_COLOR' env is ignored due to the 'FORCE_COLOR' env being set.
| (Use `node --trace-warnings ...` to show where the warning was created)
| (node:61838) Warning: The 'NO_COLOR' env is ignored due to the 'FORCE_COLOR' env being set.
| (Use `node --trace-warnings ...` to show where the warning was created)
| (node:61838) Warning: The 'NO_COLOR' env is ignored due to the 'FORCE_COLOR' env being set.
| (Use `node --trace-warnings ...` to show where the warning was created)
| (node:61838) Warning: The 'NO_COLOR' env is ignored due to the 'FORCE_COLOR' env being set.
| (Use `node --trace-warnings ...` to show where the warning was created)
| (node:61838) Warning: The 'NO_COLOR' env is ignored due to the 'FORCE_COLOR' env being set.
| (Use `node --trace-warnings ...` to show where the warning was created)
| (node:61838) Warning: The 'NO_COLOR' env is ignored due to the 'FORCE_COLOR' env being set.
| (Use `node --trace-warnings ...` to show where the warning was created)
Web Bundled 2684ms index.ts (334 modules)

› web bundles (1):
_expo/static/js/web/index-1e4cf2d1ab5c4cd239f65d72a2076277.js (665KB)

› Files (3):
favicon.ico (15KB)
index.html (1.2KB)
metadata.json (49B)

Exported: dist-web
◇ injected env (0) from .env // tip: ⌘ custom filepath { path: '/custom/path/.env' }
Loaded Prisma config from prisma.config.ts.

Prisma schema loaded from prisma/schema.prisma.
Datasource "db": SQLite database "xinban-deploy-v02.db" at "file:./data/xinban-deploy-v02.db"

SQLite database xinban-deploy-v02.db created at file:./data/xinban-deploy-v02.db

🚀  Your database is now in sync with your Prisma schema. Done in 31ms

== deploy start ==
deploy /health: 0
== post-deploy rerun: build ==

> xinban-v01@1.0.0 build
> cd apps/server && npm run build && cd ../mobile && npm run typecheck && EXPO_PUBLIC_API_URL=${EXPO_PUBLIC_API_URL:-http://127.0.0.1:3888} npm run export -- --platform web --output-dir dist-web --clear


> @xinban/server@1.0.0 build
> tsc -p tsconfig.build.json


> xinban-ai-mobile@1.0.0 typecheck
> tsc --noEmit


> xinban-ai-mobile@1.0.0 export
> expo export --platform web --output-dir dist-web --clear

Starting Metro Bundler

warning: Bundler cache is empty, rebuilding (this may take a minute)
| (node:62503) Warning: The 'NO_COLOR' env is ignored due to the 'FORCE_COLOR' env being set.
| (Use `node --trace-warnings ...` to show where the warning was created)
| (node:62503) Warning: The 'NO_COLOR' env is ignored due to the 'FORCE_COLOR' env being set.
| (Use `node --trace-warnings ...` to show where the warning was created)
| (node:62503) Warning: The 'NO_COLOR' env is ignored due to the 'FORCE_COLOR' env being set.
| (Use `node --trace-warnings ...` to show where the warning was created)
| (node:62503) Warning: The 'NO_COLOR' env is ignored due to the 'FORCE_COLOR' env being set.
| (Use `node --trace-warnings ...` to show where the warning was created)
| (node:62503) Warning: The 'NO_COLOR' env is ignored due to the 'FORCE_COLOR' env being set.
| (Use `node --trace-warnings ...` to show where the warning was created)
| (node:62503) Warning: The 'NO_COLOR' env is ignored due to the 'FORCE_COLOR' env being set.
| (Use `node --trace-warnings ...` to show where the warning was created)
| (node:62503) Warning: The 'NO_COLOR' env is ignored due to the 'FORCE_COLOR' env being set.
| (Use `node --trace-warnings ...` to show where the warning was created)
| (node:62503) Warning: The 'NO_COLOR' env is ignored due to the 'FORCE_COLOR' env being set.
| (Use `node --trace-warnings ...` to show where the warning was created)
Web Bundled 2578ms index.ts (334 modules)

› web bundles (1):
_expo/static/js/web/index-1e4cf2d1ab5c4cd239f65d72a2076277.js (665KB)

› Files (3):
favicon.ico (15KB)
index.html (1.2KB)
metadata.json (49B)

Exported: dist-web
build exit: 0
== post-deploy rerun: start ==
start /health: 0
start exit: 0
== post-deploy rerun: test ==

> xinban-v01@1.0.0 test
> cd apps/server && npm test && cd ../mobile && npm test


> @xinban/server@1.0.0 test
> vitest run


 RUN  v4.1.10 /Users/leo/.myrd/workspaces/cms1g8itk000am9fyr4l0vp35/run-cmuyq23k10021m93ew3n6padp/apps/server


 Test Files  15 passed (15)
      Tests  70 passed (70)
   Start at  07:36:25
   Duration  1.07s (transform 888ms, setup 0ms, import 1.40s, tests 1.87s, environment 1ms)


> xinban-ai-mobile@1.0.0 test
> vitest run

(!) Your Vite config uses features that are unsupported by `configLoader: 'native'`, which is planned to become the default in a future major version of Vite:
  - ESM syntax in a file loaded as CommonJS (vitest.config.ts:1:1). Use a `.mjs` extension or set `"type": "module"` in the closest package.json
Set `VITE_CONFIG_NATIVE_IGNORE_WARNING=true` to suppress this warning.

 RUN  v4.1.10 /Users/leo/.myrd/workspaces/cms1g8itk000am9fyr4l0vp35/run-cmuyq23k10021m93ew3n6padp/apps/mobile


 Test Files  4 passed (4)
      Tests  31 passed (31)
   Start at  07:36:26
   Duration  132ms (transform 85ms, setup 0ms, import 113ms, tests 24ms, environment 0ms)

test exit: 0

心伴 v0.2 deploy 复验：build=0 start=0 test=0
DEPLOY_EXIT=0
